-- Test Setup: OldTwoMeasurementsManyFieldsOneRubChunk
-- SQL: SELECT partition_key, table_name, storage, memory_bytes, row_count from system.chunks;
-- Results After Sorting
+---------------+------------+-------------------+--------------+-----------+
| partition_key | table_name | storage           | memory_bytes | row_count |
+---------------+------------+-------------------+--------------+-----------+
| 1970-01-01T00 | h2o        | ReadBuffer        | 4536         | 3         |
| 1970-01-01T00 | o2         | OpenMutableBuffer | 1827         | 2         |
+---------------+------------+-------------------+--------------+-----------+
-- SQL: SELECT * from system.columns;
-- Results After Sorting
+---------------+------------+-------------+-------------+---------------+
| partition_key | table_name | column_name | column_type | influxdb_type |
+---------------+------------+-------------+-------------+---------------+
| 1970-01-01T00 | h2o        | city        | String      | Tag           |
| 1970-01-01T00 | h2o        | other_temp  | F64         | Field         |
| 1970-01-01T00 | h2o        | state       | String      | Tag           |
| 1970-01-01T00 | h2o        | temp        | F64         | Field         |
| 1970-01-01T00 | h2o        | time        | I64         | Timestamp     |
| 1970-01-01T00 | o2         | city        | String      | Tag           |
| 1970-01-01T00 | o2         | reading     | F64         | Field         |
| 1970-01-01T00 | o2         | state       | String      | Tag           |
| 1970-01-01T00 | o2         | temp        | F64         | Field         |
| 1970-01-01T00 | o2         | time        | I64         | Timestamp     |
+---------------+------------+-------------+-------------+---------------+
